[www.haircoatbd.com/index.html]
[www.haircoatbd.com/wp-content/uploads/2019/09/fb-logo.png]
[backblue.gif]
[fade.gif]
[index.html]
[www.haircoatbd.com/wp-content/plugins/LayerSlider/static/layerslider/css/layersliderc098.css]
[www.haircoatbd.com/feed/index.html]
[www.haircoatbd.com/comments/feed/index.html]
[www.haircoatbd.com/wp-includes/css/dashicons.min29ad.css]
[www.haircoatbd.com/wp-content/plugins/ecommerce-product-catalog/css/al_product.mindcb0.css]
[www.haircoatbd.com/custom-wigs/feed/index.html]
[www.haircoatbd.com/wp-content/plugins/ecommerce-product-catalog/js/range-slider/css/ion.rangeSliderdcb0.css]
[www.haircoatbd.com/wp-includes/css/dist/block-library/style.min29ad.css]
[www.haircoatbd.com/wp-content/plugins/woocommerce/packages/woocommerce-blocks/build/wc-blocks-vendors-styled03b.css]
[www.haircoatbd.com/wp-content/plugins/woocommerce/packages/woocommerce-blocks/build/wc-blocks-styled03b.css]
[www.haircoatbd.com/wp-content/plugins/contact-form-7/includes/css/styles7661.css]
[www.haircoatbd.com/wp-content/plugins/email-subscribers/public/css/email-subscribers-public.css]
[www.haircoatbd.com/wp-content/plugins/related-products-manager-woocommerce/includes/css/related-products29ad.css]
[www.haircoatbd.com/wp-content/plugins/revslider/public/assets/css/settings4ee1.css]
[www.haircoatbd.com/wp-content/plugins/tp-woocommerce-product-gallery/public/css/woocommerce-product-gallery-public19f6.css]
[www.haircoatbd.com/wp-content/plugins/tp-woocommerce-product-gallery/public/css/tpslick19f6.css]
[www.haircoatbd.com/wp-content/plugins/tp-woocommerce-product-gallery/public/css/lity.min19f6.css]
[www.haircoatbd.com/wp-content/plugins/tp-woocommerce-product-gallery/public/css/tpslick-theme19f6.css]
[www.haircoatbd.com/wp-content/plugins/tp-woocommerce-product-gallery/public/css/lightgallery.min19f6.css]
[www.haircoatbd.com/wp-content/plugins/tp-woocommerce-product-gallery/public/css/lg-transitions.min19f6.css]
[www.haircoatbd.com/wp-content/plugins/woocommerce/assets/css/woocommerce-layout0969.css]
[www.haircoatbd.com/wp-content/plugins/woocommerce/assets/css/woocommerce-smallscreen0969.css]
[www.haircoatbd.com/wp-content/plugins/woocommerce/assets/css/woocommerce0969.css]
[www.haircoatbd.com/wp-content/themes/betheme/style8740.css]
[www.haircoatbd.com/wp-content/themes/betheme/css/base8740.css]
[www.haircoatbd.com/wp-content/themes/betheme/css/layout8740.css]
[www.haircoatbd.com/wp-content/themes/betheme/css/shortcodes8740.css]
[www.haircoatbd.com/wp-content/themes/betheme/assets/animations/animations.min8740.css]
[www.haircoatbd.com/wp-content/themes/betheme/assets/ui/jquery.ui.all8740.css]
[www.haircoatbd.com/wp-content/themes/betheme/assets/prettyPhoto/prettyPhoto8740.css]
[www.haircoatbd.com/wp-content/themes/betheme/assets/jplayer/css/jplayer.blue.monday8740.css]
[www.haircoatbd.com/wp-content/themes/betheme/css/responsive8740.css]
[www.haircoatbd.com/wp-content/plugins/js_composer/assets/lib/bower/font-awesome/css/font-awesome.min972f.css]
[www.haircoatbd.com/wp-content/themes/betheme/css/woocommerce8740.css]
[www.haircoatbd.com/wp-includes/js/jquery/jquery.minaf6c.js]
[www.haircoatbd.com/wp-includes/js/jquery/jquery-migrate.mind617.js]
[www.haircoatbd.com/wp-content/plugins/LayerSlider/static/layerslider/js/greensockb3a6.js]
[www.haircoatbd.com/wp-content/plugins/LayerSlider/static/layerslider/js/layerslider.kreaturamedia.jqueryc098.js]
[www.haircoatbd.com/wp-content/plugins/LayerSlider/static/layerslider/js/layerslider.transitionsc098.js]
[www.haircoatbd.com/wp-content/plugins/ecommerce-product-catalog/js/product.mindcb0.js]
[www.haircoatbd.com/wp-content/plugins/ecommerce-product-catalog/js/range-slider/ion.rangeSlider.mindcb0.js]
[www.haircoatbd.com/wp-content/plugins/ecommerce-product-catalog/js/product-ajax.mindcb0.js]
[www.haircoatbd.com/wp-content/plugins/email-subscribers/public/js/email-subscribers-public.js]
[www.haircoatbd.com/wp-content/plugins/revslider/public/assets/js/jquery.themepunch.tools.min4ee1.js]
[www.haircoatbd.com/wp-content/plugins/revslider/public/assets/js/jquery.themepunch.revolution.min4ee1.js]
[www.haircoatbd.com/wp-content/plugins/tp-woocommerce-product-gallery/public/js/tpslick19f6.js]
[www.haircoatbd.com/wp-content/plugins/tp-woocommerce-product-gallery/public/js/lity.min19f6.js]
[www.haircoatbd.com/wp-content/plugins/tp-woocommerce-product-gallery/public/js/jquery.zoom.min19f6.js]
[www.haircoatbd.com/wp-content/plugins/tp-woocommerce-product-gallery/public/js/jquery.mousewheel.min19f6.js]
[www.haircoatbd.com/wp-content/plugins/tp-woocommerce-product-gallery/public/js/lightgallery-all.min19f6.js]
[www.haircoatbd.com/wp-content/plugins/tp-woocommerce-product-gallery/public/js/woocommerce-product-gallery-public19f6.js]
[www.haircoatbd.com/wp-content/plugins/woocommerce/assets/js/jquery-blockui/jquery.blockUI.mine1da.js]
[www.haircoatbd.com/wp-content/plugins/zi-hide-price-and-add-to-cart-for-woocommerce/public/js/zi-woo-hide-price-cart-public91ce.js]
[www.haircoatbd.com/wp-content/plugins/woocommerce/assets/js/frontend/add-to-cart.min0969.js]
[www.haircoatbd.com/wp-content/plugins/js_composer/assets/js/vendors/woocommerce-add-to-cart972f.js]
[www.haircoatbd.com/wp-json/wp/v2/pages/356.json]
[www.haircoatbd.com/wp-json/index.html]
[www.haircoatbd.com/xmlrpc0db0.php]
[www.haircoatbd.com/wp-includes/wlwmanifest.xml]
[www.haircoatbd.com/wp-json/oembed/1.0/embedcb98.json]
[www.haircoatbd.com/wp-json/oembed/1.0/embed4288]
[www.haircoatbd.com/wp-content/uploads/2020/10/slider3_2000.png]
[www.haircoatbd.com/wp-content/uploads/2021/08/sliderbg1_2000x.png]
[www.haircoatbd.com/wp-content/uploads/2020/10/Hair-Coat-Logo.png]
[www.haircoatbd.com/wp-content/plugins/revslider/admin/assets/images/dummy.png]
[www.haircoatbd.com/wp-content/uploads/2020/11/Home-pic-1.jpg]
[www.haircoatbd.com/our-philosophy/index.html]
[www.haircoatbd.com/wp-content/uploads/2020/11/Home-pic-2.jpg]
[www.haircoatbd.com/mission-vission/index.html]
[www.haircoatbd.com/wig-manufacturers/index.html]
[www.haircoatbd.com/hair-color-chart/index.html]
[www.haircoatbd.com/density-chart/index.html]
[www.haircoatbd.com/wp-content/uploads/2020/11/Home-pic-3.jpg]
[www.haircoatbd.com/wp-content/uploads/2021/09/Why-Hair-Coat-Picture-1-3.png]
[www.haircoatbd.com/bleached-knots/index.html]
[www.haircoatbd.com/base-design/index.html]
[www.haircoatbd.com/curl-ring/index.html]
[www.haircoatbd.com/wp-content/uploads/2021/09/2000-lady-workers-150x150.jpg]
[www.haircoatbd.com/after-sales-service/index.html]
[www.haircoatbd.com/contact/index.html]
[www.haircoatbd.com/wp-content/uploads/2021/09/Hair-Coat-Started-Ready-made-hair...-150x150.jpg]
[www.haircoatbd.com/cart/index.html]
[www.haircoatbd.com/about-hair-coat/index.html]
[www.haircoatbd.com/custom-hairpiece-wig-base-options/index.html]
[www.haircoatbd.com/custom-wig-order-form/index.html]
[www.haircoatbd.com/wp-content/uploads/2019/10/Unknown_user-85x85.png]
[www.haircoatbd.com/latest-haircoat-bd-news/index.html]
[www.haircoatbd.com/why-hair-coat/index.html]
[www.haircoatbd.com/wp-content/plugins/wpforms/assets/css/wpforms-full370e.css]
[www.haircoatbd.com/hair-care/index.html]
[www.haircoatbd.com/latest-haircoat-bd-news-1/index.html]
[www.haircoatbd.com/wp-includes/js/dist/vendor/regenerator-runtime.minb36a.js]
[www.haircoatbd.com/category/latest-news/index.html]
[www.haircoatbd.com/wp-includes/js/dist/vendor/wp-polyfill.min2c7c.js]
[www.haircoatbd.com/wp-content/plugins/contact-form-7/includes/js/index7661.js]
[www.haircoatbd.com/wp-content/plugins/woocommerce/assets/js/js-cookie/js.cookie.min757c.js]
[www.haircoatbd.com/wp-content/plugins/woocommerce/assets/js/frontend/woocommerce.min0969.js]
[www.haircoatbd.com/wp-content/plugins/woocommerce/assets/js/frontend/cart-fragments.min0969.js]
[www.haircoatbd.com/wp-includes/js/jquery/ui/core.min35d0.js]
[www.haircoatbd.com/wp-includes/js/jquery/ui/mouse.min35d0.js]
[www.haircoatbd.com/wp-includes/js/jquery/ui/sortable.min35d0.js]
[www.haircoatbd.com/wp-includes/js/jquery/ui/tabs.min35d0.js]
[www.haircoatbd.com/wp-includes/js/jquery/ui/accordion.min35d0.js]
[www.haircoatbd.com/wp-content/themes/betheme/js/plugins8740.js]
[www.haircoatbd.com/wp-content/themes/betheme/js/menu8740.js]
[www.haircoatbd.com/wp-content/themes/betheme/assets/animations/animations.min8740.js]
[www.haircoatbd.com/wp-content/themes/betheme/assets/jplayer/jplayer.min8740.js]
[www.haircoatbd.com/wp-content/themes/betheme/js/parallax/translate3d8740.js]
[www.haircoatbd.com/wp-content/themes/betheme/js/scripts8740.js]
[www.haircoatbd.com/wp-includes/js/comment-reply.min29ad.js]
[www.haircoatbd.com/wp-includes/js/wp-embed.min29ad.js]
[www.haircoatbd.com/wp-content/plugins/wpforms/assets/js/jquery.validate.min24fc.js]
[www.haircoatbd.com/wp-content/plugins/wpforms/assets/js/wpforms370e.js]
[www.haircoatbd.com/index.html]
[www.haircoatbd.com/wp-content/plugins/LayerSlider/static/layerslider/css/layersliderc098.css]
[www.haircoatbd.com/wp-includes/fonts/dashicons7d4b.eot]
[www.haircoatbd.com/wp-includes/fonts/dashicons7d4b.ttf]
[www.haircoatbd.com/wp-includes/css/dashicons.min29ad.css]
[www.haircoatbd.com/wp-content/plugins/ecommerce-product-catalog/css/images/warning.png]
[www.haircoatbd.com/wp-content/plugins/ecommerce-product-catalog/css/images/info.png]
[www.haircoatbd.com/wp-content/plugins/ecommerce-product-catalog/css/images/plus.png]
[www.haircoatbd.com/wp-content/plugins/ecommerce-product-catalog/css/images/success.png]
[www.haircoatbd.com/wp-content/plugins/ecommerce-product-catalog/css/search.png]
[www.haircoatbd.com/wp-content/plugins/ecommerce-product-catalog/css/al_product.mindcb0.css]
[www.haircoatbd.com/wp-content/plugins/ecommerce-product-catalog/js/range-slider/css/ion.rangeSliderdcb0.css]
[www.haircoatbd.com/wp-includes/css/dist/block-library/style.min29ad.css]
[www.haircoatbd.com/wp-content/plugins/woocommerce/packages/woocommerce-blocks/build/wc-blocks-vendors-styled03b.css]
[www.haircoatbd.com/wp-content/plugins/woocommerce/packages/woocommerce-blocks/build/wc-blocks-styled03b.css]
[www.haircoatbd.com/wp-content/plugins/contact-form-7/includes/css/styles7661.css]
[www.haircoatbd.com/wp-content/plugins/email-subscribers/public/css/email-subscribers-public.css]
[www.haircoatbd.com/wp-content/plugins/related-products-manager-woocommerce/includes/css/related-products29ad.css]
[www.haircoatbd.com/wp-content/plugins/revslider/public/assets/fonts/revicons/revicons90c6.eot]
[www.haircoatbd.com/wp-content/plugins/revslider/public/assets/fonts/revicons/revicons90c6.woff]
[www.haircoatbd.com/wp-content/plugins/revslider/public/assets/fonts/revicons/revicons90c6.ttf]
[www.haircoatbd.com/wp-content/plugins/revslider/public/assets/fonts/revicons/revicons90c6.svg]
[www.haircoatbd.com/wp-content/plugins/revslider/public/assets/css/openhand.cur]
[www.haircoatbd.com/wp-content/plugins/revslider/public/assets/css/closedhand.cur]
[www.haircoatbd.com/wp-content/plugins/revslider/public/assets/assets/gridtile.png]
[www.haircoatbd.com/wp-content/plugins/revslider/public/assets/assets/gridtile_white.png]
[www.haircoatbd.com/wp-content/plugins/revslider/public/assets/assets/gridtile_3x3.png]
[www.haircoatbd.com/wp-content/plugins/revslider/public/assets/assets/gridtile_3x3_white.png]
[www.haircoatbd.com/wp-content/plugins/revslider/public/assets/assets/coloredbg.png]
[www.haircoatbd.com/wp-content/plugins/revslider/public/assets/assets/loader.gif]
[www.haircoatbd.com/wp-content/plugins/revslider/public/assets/css/settings4ee1.css]
[www.haircoatbd.com/wp-content/plugins/tp-woocommerce-product-gallery/public/images/grab.cur]
[www.haircoatbd.com/wp-content/plugins/tp-woocommerce-product-gallery/public/images/grabbed.cur]
[www.haircoatbd.com/wp-content/plugins/tp-woocommerce-product-gallery/public/css/woocommerce-product-gallery-public19f6.css]
[www.haircoatbd.com/wp-content/plugins/tp-woocommerce-product-gallery/public/css/tpslick19f6.css]
[www.haircoatbd.com/wp-content/plugins/tp-woocommerce-product-gallery/public/css/lity.min19f6.css]
[www.haircoatbd.com/wp-content/plugins/tp-woocommerce-product-gallery/public/images/ajax-loader.gif]
[www.haircoatbd.com/wp-content/plugins/tp-woocommerce-product-gallery/public/fonts/tpslick.eot]
[www.haircoatbd.com/wp-content/plugins/tp-woocommerce-product-gallery/public/fonts/tpslickd41d.eot]
[www.haircoatbd.com/wp-content/plugins/tp-woocommerce-product-gallery/public/fonts/tpslick.woff]
[www.haircoatbd.com/wp-content/plugins/tp-woocommerce-product-gallery/public/fonts/tpslick.ttf]
[www.haircoatbd.com/wp-content/plugins/tp-woocommerce-product-gallery/public/fonts/tpslick.svg]
[www.haircoatbd.com/wp-content/plugins/tp-woocommerce-product-gallery/public/css/tpslick-theme19f6.css]
[www.haircoatbd.com/wp-content/plugins/tp-woocommerce-product-gallery/public/fonts/lgd641.eot]
[www.haircoatbd.com/wp-content/plugins/tp-woocommerce-product-gallery/public/fonts/lgd41d.eot]
[www.haircoatbd.com/wp-content/plugins/tp-woocommerce-product-gallery/public/fonts/lgd641.woff]
[www.haircoatbd.com/wp-content/plugins/tp-woocommerce-product-gallery/public/fonts/lgd641.ttf]
[www.haircoatbd.com/wp-content/plugins/tp-woocommerce-product-gallery/public/fonts/lgd641.svg]
[www.haircoatbd.com/wp-content/plugins/tp-woocommerce-product-gallery/public/images/vimeo-play.png]
[www.haircoatbd.com/wp-content/plugins/tp-woocommerce-product-gallery/public/images/video-play.png]
[www.haircoatbd.com/wp-content/plugins/tp-woocommerce-product-gallery/public/images/youtube-play.png]
[www.haircoatbd.com/wp-content/plugins/tp-woocommerce-product-gallery/public/images/loading.gif]
[www.haircoatbd.com/wp-content/plugins/tp-woocommerce-product-gallery/public/css/lightgallery.min19f6.css]
[www.haircoatbd.com/wp-content/plugins/tp-woocommerce-product-gallery/public/css/lg-transitions.min19f6.css]
[www.haircoatbd.com/wp-content/plugins/woocommerce/assets/css/woocommerce-layout0969.css]
[www.haircoatbd.com/wp-content/plugins/woocommerce/assets/css/woocommerce-smallscreen0969.css]
[www.haircoatbd.com/wp-content/plugins/woocommerce/assets/fonts/star.eot]
[www.haircoatbd.com/wp-content/plugins/woocommerce/assets/fonts/stard41d.eot]
[www.haircoatbd.com/wp-content/plugins/woocommerce/assets/fonts/star.woff]
[www.haircoatbd.com/wp-content/plugins/woocommerce/assets/fonts/star.ttf]
[www.haircoatbd.com/wp-content/plugins/woocommerce/assets/fonts/star.svg]
[www.haircoatbd.com/wp-content/plugins/woocommerce/assets/fonts/WooCommerce.eot]
[www.haircoatbd.com/wp-content/plugins/woocommerce/assets/fonts/WooCommerced41d.eot]
[www.haircoatbd.com/wp-content/plugins/woocommerce/assets/fonts/WooCommerce.woff]
[www.haircoatbd.com/wp-content/plugins/woocommerce/assets/fonts/WooCommerce.ttf]
[www.haircoatbd.com/wp-content/plugins/woocommerce/assets/fonts/WooCommerce.svg]
[www.haircoatbd.com/wp-content/plugins/woocommerce/assets/images/icons/credit-cards/visa.svg]
[www.haircoatbd.com/wp-content/plugins/woocommerce/assets/images/icons/credit-cards/mastercard.svg]
[www.haircoatbd.com/wp-content/plugins/woocommerce/assets/images/icons/credit-cards/laser.svg]
[www.haircoatbd.com/wp-content/plugins/woocommerce/assets/images/icons/credit-cards/diners.svg]
[www.haircoatbd.com/wp-content/plugins/woocommerce/assets/images/icons/credit-cards/maestro.svg]
[www.haircoatbd.com/wp-content/plugins/woocommerce/assets/images/icons/credit-cards/jcb.svg]
[www.haircoatbd.com/wp-content/plugins/woocommerce/assets/images/icons/credit-cards/amex.svg]
[www.haircoatbd.com/wp-content/plugins/woocommerce/assets/images/icons/credit-cards/discover.svg]
[www.haircoatbd.com/wp-content/plugins/woocommerce/assets/css/woocommerce0969.css]
[www.haircoatbd.com/wp-content/plugins/zi-hide-price-and-add-to-cart-for-woocommerce/public/css/zi-woo-hide-price-cart-public91ce.css]
[www.haircoatbd.com/wp-content/themes/betheme/style8740.css]
[www.haircoatbd.com/wp-content/themes/betheme/images/box_shadow_button.png]
[www.haircoatbd.com/wp-content/themes/betheme/fonts/mfn-icons2e38.eot]
[www.haircoatbd.com/wp-content/themes/betheme/fonts/mfn-icons2e38.woff]
[www.haircoatbd.com/wp-content/themes/betheme/fonts/mfn-icons2e38.ttf]
[www.haircoatbd.com/wp-content/themes/betheme/fonts/mfn-icons2e38.svg]
[www.haircoatbd.com/wp-content/themes/betheme/images/contact_form_error.png]
[www.haircoatbd.com/wp-content/themes/betheme/images/bg_panel.png]
[www.haircoatbd.com/wp-content/themes/betheme/images/stripes/stripes_5_b.png]
[www.haircoatbd.com/wp-content/themes/betheme/css/base8740.css]
[www.haircoatbd.com/wp-content/themes/betheme/images/stripes/stripes_3_b.png]
[www.haircoatbd.com/wp-content/themes/betheme/images/box_shadow.png]
[www.haircoatbd.com/wp-content/themes/betheme/images/preloader.gif]
[www.haircoatbd.com/wp-content/themes/betheme/images/blockquote.png]
[www.haircoatbd.com/wp-content/themes/betheme/images/link.png]
[www.haircoatbd.com/wp-content/themes/betheme/images/top_bar_right_shadow.png]
[www.haircoatbd.com/wp-content/themes/betheme/images/blog_masonry_tile_gradient.png]
[www.haircoatbd.com/wp-content/themes/betheme/images/timeline_right.png]
[www.haircoatbd.com/wp-content/themes/betheme/images/photo.png]
[www.haircoatbd.com/wp-content/themes/betheme/images/recent_comments.png]
[www.haircoatbd.com/wp-content/themes/betheme/images/stripes/stripes_10_w.png]
[www.haircoatbd.com/wp-content/themes/betheme/images/videomask.png]
[www.haircoatbd.com/wp-content/themes/betheme/images/fancy_heading_hr_dark.png]
[www.haircoatbd.com/wp-content/themes/betheme/css/layout8740.css]
[www.haircoatbd.com/wp-content/themes/betheme/images/stripes/textline.png]
[www.haircoatbd.com/wp-content/themes/betheme/images/icons/list_check.png]
[www.haircoatbd.com/wp-content/themes/betheme/images/icons/list_star.png]
[www.haircoatbd.com/wp-content/themes/betheme/images/icons/list_idea.png]
[www.haircoatbd.com/wp-content/themes/betheme/images/stripes/stripes_10_b.png]
[www.haircoatbd.com/wp-content/themes/betheme/images/progressbar.png]
[www.haircoatbd.com/wp-content/themes/betheme/images/timeline_top.png]
[www.haircoatbd.com/wp-content/themes/betheme/images/timeline_left.png]
[www.haircoatbd.com/wp-content/themes/betheme/images/fancy_heading_hr.png]
[www.haircoatbd.com/wp-content/themes/betheme/css/shortcodes8740.css]
[www.haircoatbd.com/wp-content/themes/betheme/assets/animations/animations.min8740.css]
[www.haircoatbd.com/wp-content/themes/betheme/assets/ui/images/ui-icons_222222_256x240.png]
[www.haircoatbd.com/wp-content/themes/betheme/assets/ui/images/ui-bg_flat_0_aaaaaa_40x100.png]
[www.haircoatbd.com/wp-content/themes/betheme/assets/ui/images/bg_widget_header.png]
[www.haircoatbd.com/wp-content/themes/betheme/assets/ui/images/bg_widget_header_active.png]
[www.haircoatbd.com/wp-content/themes/betheme/assets/ui/images/ui-bg_flat_75_ffffff_40x100.png]
[www.haircoatbd.com/wp-content/themes/betheme/assets/ui/images/ui-bg_glass_55_fbf9ee_1x400.png]
[www.haircoatbd.com/wp-content/themes/betheme/assets/ui/images/ui-bg_glass_95_fef1ec_1x400.png]
[www.haircoatbd.com/wp-content/themes/betheme/assets/ui/images/ui-icons_888888_256x240.png]
[www.haircoatbd.com/wp-content/themes/betheme/assets/ui/images/ui-icons_2e83ff_256x240.png]
[www.haircoatbd.com/wp-content/themes/betheme/assets/ui/images/ui-icons_cd0a0a_256x240.png]
[www.haircoatbd.com/wp-content/themes/betheme/assets/ui/images/ui-icons_454545_256x240.png]
[www.haircoatbd.com/wp-content/themes/betheme/assets/ui/jquery.ui.all8740.css]
[www.haircoatbd.com/wp-content/themes/betheme/assets/prettyPhoto/images/default/sprite.png]
[www.haircoatbd.com/wp-content/themes/betheme/assets/prettyPhoto/images/default/sprite_x.png]
[www.haircoatbd.com/wp-content/themes/betheme/assets/prettyPhoto/images/default/sprite_y.png]
[www.haircoatbd.com/wp-content/themes/betheme/assets/prettyPhoto/images/default/sprite_next.png]
[www.haircoatbd.com/wp-content/themes/betheme/assets/prettyPhoto/images/default/sprite_prev.png]
[www.haircoatbd.com/wp-content/themes/betheme/assets/prettyPhoto/images/default/default_thumb.png]
[www.haircoatbd.com/wp-content/themes/betheme/assets/prettyPhoto/images/default/loader.gif]
[www.haircoatbd.com/wp-content/themes/betheme/assets/prettyPhoto/images/light_rounded/sprite.png]
[www.haircoatbd.com/wp-content/themes/betheme/assets/prettyPhoto/images/light_rounded/btnNext.png]
[www.haircoatbd.com/wp-content/themes/betheme/assets/prettyPhoto/images/light_rounded/btnPrevious.png]
[www.haircoatbd.com/wp-content/themes/betheme/assets/prettyPhoto/images/dark_rounded/sprite.png]
[www.haircoatbd.com/wp-content/themes/betheme/assets/prettyPhoto/images/dark_rounded/contentPattern.png]
[www.haircoatbd.com/wp-content/themes/betheme/assets/prettyPhoto/images/dark_rounded/btnNext.png]
[www.haircoatbd.com/wp-content/themes/betheme/assets/prettyPhoto/images/dark_rounded/btnPrevious.png]
[www.haircoatbd.com/wp-content/themes/betheme/assets/prettyPhoto/images/dark_rounded/loader.gif]
[www.haircoatbd.com/wp-content/themes/betheme/assets/prettyPhoto/images/dark_square/loader.gif]
[www.haircoatbd.com/wp-content/themes/betheme/assets/prettyPhoto/images/dark_square/sprite.png]
[www.haircoatbd.com/wp-content/themes/betheme/assets/prettyPhoto/images/dark_square/btnNext.png]
[www.haircoatbd.com/wp-content/themes/betheme/assets/prettyPhoto/images/dark_square/btnPrevious.png]
[www.haircoatbd.com/wp-content/themes/betheme/assets/prettyPhoto/images/light_square/sprite.png]
[www.haircoatbd.com/wp-content/themes/betheme/assets/prettyPhoto/images/light_square/btnNext.png]
[www.haircoatbd.com/wp-content/themes/betheme/assets/prettyPhoto/images/light_square/btnPrevious.png]
[www.haircoatbd.com/wp-content/themes/betheme/assets/prettyPhoto/images/facebook/sprite.png]
[www.haircoatbd.com/wp-content/themes/betheme/assets/prettyPhoto/images/facebook/contentPatternTop.png]
[www.haircoatbd.com/wp-content/themes/betheme/assets/prettyPhoto/images/facebook/contentPatternLeft.png]
[www.haircoatbd.com/wp-content/themes/betheme/assets/prettyPhoto/images/facebook/contentPatternRight.png]
[www.haircoatbd.com/wp-content/themes/betheme/assets/prettyPhoto/images/facebook/loader.gif]
[www.haircoatbd.com/wp-content/themes/betheme/assets/prettyPhoto/images/facebook/btnNext.png]
[www.haircoatbd.com/wp-content/themes/betheme/assets/prettyPhoto/images/facebook/btnPrevious.png]
[www.haircoatbd.com/wp-content/themes/betheme/assets/prettyPhoto/images/facebook/contentPatternBottom.png]
[www.haircoatbd.com/wp-content/themes/betheme/assets/prettyPhoto/images/facebook/default_thumbnail.gif]
[www.haircoatbd.com/wp-content/themes/betheme/assets/prettyPhoto/images/light_rounded/loader.gif]
[www.haircoatbd.com/wp-content/themes/betheme/assets/prettyPhoto/prettyPhoto8740.css]
[www.haircoatbd.com/wp-content/themes/betheme/assets/jplayer/css/jplayer.png]
[www.haircoatbd.com/wp-content/themes/betheme/assets/jplayer/css/jplayer.blue.monday.jpg]
[www.haircoatbd.com/wp-content/themes/betheme/assets/jplayer/css/jplayer.blue.monday.seeking.gif]
[www.haircoatbd.com/wp-content/themes/betheme/assets/jplayer/css/jplayer.blue.monday8740.css]
[www.haircoatbd.com/wp-content/themes/betheme/css/responsive8740.css]
[www.haircoatbd.com/wp-content/plugins/js_composer/assets/lib/bower/font-awesome/fonts/fontawesome-webfont5b62.eot]
[www.haircoatbd.com/wp-content/plugins/js_composer/assets/lib/bower/font-awesome/fonts/fontawesome-webfontd41d.eot]
[www.haircoatbd.com/wp-content/plugins/js_composer/assets/lib/bower/font-awesome/fonts/fontawesome-webfont5b62.woff2]
[www.haircoatbd.com/wp-content/plugins/js_composer/assets/lib/bower/font-awesome/fonts/fontawesome-webfont5b62.woff]
[www.haircoatbd.com/wp-content/plugins/js_composer/assets/lib/bower/font-awesome/fonts/fontawesome-webfont5b62.ttf]
[www.haircoatbd.com/wp-content/plugins/js_composer/assets/lib/bower/font-awesome/fonts/fontawesome-webfont5b62.svg]
[www.haircoatbd.com/wp-content/plugins/js_composer/assets/lib/bower/font-awesome/css/font-awesome.min972f.css]
[www.haircoatbd.com/wp-content/themes/betheme/images/shop-loader.gif]
[www.haircoatbd.com/wp-content/themes/betheme/css/woocommerce8740.css]
[www.haircoatbd.com/wp-json/wp/v2/pages/3610.json]
[www.haircoatbd.com/wp-json/oembed/1.0/embed1858.json]
[www.haircoatbd.com/wp-json/oembed/1.0/embed25a7]
[www.haircoatbd.com/wp-content/uploads/2020/12/about-us-banner1.png]
[www.haircoatbd.com/wp-content/uploads/2021/09/2000-lady-workers-80x80.jpg]
[www.haircoatbd.com/wp-content/uploads/2021/09/Hair-Coat-Started-Ready-made-hair...-80x80.jpg]
[www.haircoatbd.com/wig-manufacturers/index.html]
[www.haircoatbd.com/wp-json/wp/v2/pages/3614.json]
[www.haircoatbd.com/wp-json/oembed/1.0/embed72b4.json]
[www.haircoatbd.com/wp-json/oembed/1.0/embed2480]
[www.haircoatbd.com/mission-vission/index.html]
[www.haircoatbd.com/wp-content/uploads/2019/10/MISSION-VISSION.jpg]
[www.haircoatbd.com/wp-json/wp/v2/pages/3617.json]
[www.haircoatbd.com/wp-json/oembed/1.0/embedcd01.json]
[www.haircoatbd.com/wp-json/oembed/1.0/embed3ade]
[www.haircoatbd.com/wp-content/uploads/2019/10/Haircare-banner.jpg]
[www.haircoatbd.com/our-philosophy/index.html]
[www.haircoatbd.com/wp-json/wp/v2/pages/3618.json]
[www.haircoatbd.com/wp-json/oembed/1.0/embed1915.json]
[www.haircoatbd.com/wp-json/oembed/1.0/embedcf97]
[www.haircoatbd.com/wp-content/uploads/2020/11/Hair-Color-Chart-Banner-1.jpg]
[www.haircoatbd.com/wp-content/uploads/2020/11/COLOR-CHART-1.jpg]
[www.haircoatbd.com/hair-color-chart/index.html]
[www.haircoatbd.com/wp-json/wp/v2/pages/3620.json]
[www.haircoatbd.com/wp-json/oembed/1.0/embed4fd9.json]
[www.haircoatbd.com/wp-json/oembed/1.0/embed8c4e]
[www.haircoatbd.com/wp-content/uploads/2020/12/density-chart-banner.jpg]
[www.haircoatbd.com/wp-content/uploads/2019/10/density-chart.jpg]
[www.haircoatbd.com/density-chart/index.html]
[www.haircoatbd.com/wp-json/wp/v2/pages/3616.json]
[www.haircoatbd.com/wp-json/oembed/1.0/embed2073.json]
[www.haircoatbd.com/wp-json/oembed/1.0/embede16b]
[www.haircoatbd.com/wp-content/uploads/2020/11/Waves-Curls.jpg]
[www.haircoatbd.com/wp-content/uploads/2019/10/Wave-Curl-Ring.jpg]
[www.haircoatbd.com/curl-ring/index.html]
[www.haircoatbd.com/wp-json/wp/v2/pages/3628.json]
[www.haircoatbd.com/wp-json/oembed/1.0/embedba2b.json]
[www.haircoatbd.com/wp-json/oembed/1.0/embedaaf0]
[www.haircoatbd.com/wp-content/uploads/2020/11/Bleached-Knots-Banner.jpg]
[www.haircoatbd.com/wp-content/uploads/2019/10/hair_coat_00.jpg]
[www.haircoatbd.com/wp-content/uploads/2019/10/hair_coat1.jpg]
[www.haircoatbd.com/wp-content/uploads/2019/10/hair_coat2.jpg]
[www.haircoatbd.com/bleached-knots/index.html]
[www.haircoatbd.com/wp-json/wp/v2/pages/3632.json]
[www.haircoatbd.com/wp-json/oembed/1.0/embeddc4e.json]
[www.haircoatbd.com/wp-json/oembed/1.0/embed2161]
[www.haircoatbd.com/wp-content/uploads/2020/12/base-design-gallery-banner1.png]
[www.haircoatbd.com/wp-content/uploads/2021/09/hC-01a-300x240.jpg]
[www.haircoatbd.com/wp-content/uploads/2021/09/hC-101a-300x240.jpg]
[www.haircoatbd.com/product-category/hairpiece-base-designs/index.html]
[www.haircoatbd.com/product-category/top-closure-base-designs/index.html]
[www.haircoatbd.com/wp-content/uploads/2021/09/hC-201a-300x240.jpg]
[www.haircoatbd.com/base-design/index.html]
[www.haircoatbd.com/product-category/wig-base-designs/index.html]
[www.haircoatbd.com/wp-json/wp/v2/pages/3629.json]
[www.haircoatbd.com/wp-json/oembed/1.0/embed190d.json]
[www.haircoatbd.com/wp-json/oembed/1.0/embed1315]
[www.haircoatbd.com/wp-content/uploads/2020/11/After-Sale-Service-Banner.jpg]
[www.haircoatbd.com/wp-content/uploads/2020/12/after-sales-service-body-new.jpg]
[www.haircoatbd.com/after-sales-service/index.html]
[www.haircoatbd.com/contact/feed/index.html]
[www.haircoatbd.com/wp-json/wp/v2/pages/378.json]
[www.haircoatbd.com/wp-json/oembed/1.0/embed08a7.json]
[www.haircoatbd.com/wp-json/oembed/1.0/embed79b1]
[www.haircoatbd.com/wp-content/uploads/2020/12/contact-us-banner1.png]
[www.haircoatbd.com/wp-content/uploads/2021/09/Pic.jpg]
[www.haircoatbd.com/contact/index.html]
[www.haircoatbd.com/wp-content/plugins/woocommerce/assets/css/select20969.css]
[www.haircoatbd.com/contact/www.Facebook.com/HairCoatBangladesh/index.html]
[www.haircoatbd.com/wp-json/wp/v2/pages/3853.json]
[www.haircoatbd.com/wp-json/oembed/1.0/embed6328.json]
[www.haircoatbd.com/wp-json/oembed/1.0/embedbdf0]
[www.haircoatbd.com/wp-content/plugins/woocommerce/assets/js/frontend/country-select.min0969.js]
[www.haircoatbd.com/wp-content/plugins/woocommerce/assets/js/frontend/address-i18n.min0969.js]
[www.haircoatbd.com/shop/index.html]
[www.haircoatbd.com/wp-content/plugins/woocommerce/assets/js/frontend/cart.min0969.js]
[www.haircoatbd.com/wp-content/plugins/woocommerce/assets/js/selectWoo/selectWoo.full.min33f2.js]
[www.haircoatbd.com/cart/index.html]
[www.haircoatbd.com/about-hair-coat/index.html]
[www.haircoatbd.com/wp-json/wp/v2/pages/3824.json]
[www.haircoatbd.com/wp-json/oembed/1.0/embedb39a.json]
[www.haircoatbd.com/wp-json/oembed/1.0/embede071]
[www.haircoatbd.com/custom-hairpiece-wig-base-options/index.html]
[www.haircoatbd.com/wp-content/uploads/2020/12/about-us-bannerf.png]
[www.haircoatbd.com/wp-json/wp/v2/pages/3639.json]
[www.haircoatbd.com/wp-json/oembed/1.0/embedb23f.json]
[www.haircoatbd.com/wp-json/oembed/1.0/embed2793]
[www.haircoatbd.com/wp-content/uploads/2021/08/Custom-wig-order-form-banner.png]
[www.haircoatbd.com/wp-content/uploads/2019/11/How_to_take_wig_cap_measurements.jpg]
[www.haircoatbd.com/custom-wig-order-form/index.html]
[www.haircoatbd.com/wp-content/plugins/wpforms/assets/js/jquery.inputmask.bundle.min26ef.js]
[www.haircoatbd.com/wp-json/wp/v2/pages/3640.json]
[www.haircoatbd.com/wp-json/oembed/1.0/embed3d32.json]
[www.haircoatbd.com/wp-json/oembed/1.0/embed2b02]
[www.haircoatbd.com/hair-care/index.html]
[www.haircoatbd.com/wp-content/uploads/2019/10/HAIR-CARE.jpg]
[www.haircoatbd.com/wp-json/wp/v2/pages/3841.json]
[www.haircoatbd.com/wp-json/oembed/1.0/embed32e4.json]
[www.haircoatbd.com/wp-json/oembed/1.0/embed6910]
[www.haircoatbd.com/wp-content/uploads/2021/08/Why-Hair-Coat-banner-1.jpg]
[www.haircoatbd.com/why-hair-coat/index.html]
[www.haircoatbd.com/latest-haircoat-bd-news/feed/index.html]
[www.haircoatbd.com/wp-json/oembed/1.0/embedb9fa.json]
[www.haircoatbd.com/wp-json/oembed/1.0/embedecbb]
[www.haircoatbd.com/wp-content/uploads/2021/09/2000-lady-workers.jpg]
[www.haircoatbd.com/wp-content/uploads/2021/09/2000-lady-workers-670x480.jpg]
[www.haircoatbd.com/wp-content/uploads/2021/09/Hair-Coat-Started-Ready-made-hair...-960x750.jpg]
[www.haircoatbd.com/wp-content/uploads/2021/09/Hair-Coat-Started-Ready-made-hair....jpg]
[www.haircoatbd.com/latest-haircoat-bd-news/index.html]
[www.haircoatbd.com/latest-haircoat-bd-news-1/feed/index.html]
[www.haircoatbd.com/wp-json/oembed/1.0/embed0785.json]
[www.haircoatbd.com/wp-json/oembed/1.0/embed705c]
[www.haircoatbd.com/wp-content/uploads/2021/09/Hair-Coat-Started-Ready-made-hair...-1000x480.jpg]
[www.haircoatbd.com/latest-haircoat-bd-news-1/index.html]
[www.haircoatbd.com/category/latest-news/feed/index.html]
[www.haircoatbd.com/category/latest-news/index.html]
[www.haircoatbd.com/wp-content/plugins/wpforms/assets/css/wpforms-full370e.css]
[www.haircoatbd.com/wp-content/plugins/ecommerce-product-catalog/css/empty.gif]
[www.haircoatbd.com/wp-content/plugins/revslider/public/assets/fonts/revicons/revicons90c6.svg]
[www.haircoatbd.com/wp-content/plugins/tp-woocommerce-product-gallery/public/fonts/tpslick.svg]
[www.haircoatbd.com/wp-content/plugins/tp-woocommerce-product-gallery/public/fonts/lgd641.svg]
[www.haircoatbd.com/wp-content/plugins/woocommerce/assets/fonts/star.svg]
[www.haircoatbd.com/wp-content/plugins/woocommerce/assets/fonts/WooCommerce.svg]
[www.haircoatbd.com/wp-content/plugins/woocommerce/assets/images/icons/loader.svg]
[www.haircoatbd.com/wp-content/plugins/woocommerce/assets/images/icons/credit-cards/visa.svg]
[www.haircoatbd.com/wp-content/plugins/woocommerce/assets/images/icons/credit-cards/mastercard.svg]
[www.haircoatbd.com/wp-content/plugins/woocommerce/assets/images/icons/credit-cards/laser.svg]
[www.haircoatbd.com/wp-content/plugins/woocommerce/assets/images/icons/credit-cards/diners.svg]
[www.haircoatbd.com/wp-content/plugins/woocommerce/assets/images/icons/credit-cards/maestro.svg]
[www.haircoatbd.com/wp-content/plugins/woocommerce/assets/images/icons/credit-cards/jcb.svg]
[www.haircoatbd.com/wp-content/plugins/woocommerce/assets/images/icons/credit-cards/amex.svg]
[www.haircoatbd.com/wp-content/plugins/woocommerce/assets/images/icons/credit-cards/discover.svg]
[www.haircoatbd.com/wp-content/themes/betheme/fonts/mfn-icons2e38.svg]
[www.haircoatbd.com/wp-content/plugins/js_composer/assets/lib/bower/font-awesome/fonts/fontawesome-webfont5b62.svg]
[www.haircoatbd.com/index3097.html]
[www.haircoatbd.com/index51ca.html]
[www.haircoatbd.com/indexcca5.html]
[www.haircoatbd.com/index634e.html]
[www.haircoatbd.com/indexab3c.html]
[www.haircoatbd.com/index08ab.html]
[www.haircoatbd.com/index3e7c.html]
[www.haircoatbd.com/index07bb.html]
[www.haircoatbd.com/wp-json/wp/v2/categories/47.json]
[www.haircoatbd.com/product-category/hairpiece-base-designs/feed/index.html]
[www.haircoatbd.com/product-category/hairpiece-base-designs/page/2/index.html]
[www.haircoatbd.com/wp-json/wp/v2/product_cat/62.json]
[www.haircoatbd.com/wp-content/uploads/2021/09/hC-02a-300x240.jpg]
[www.haircoatbd.com/product/hc-02/index.html]
[www.haircoatbd.com/product/hc-01/index.html]
[www.haircoatbd.com/wp-content/uploads/2021/09/hC-03a-300x240.jpg]
[www.haircoatbd.com/wp-content/uploads/2021/09/hC-04a-300x240.jpg]
[www.haircoatbd.com/product/hc-03/index.html]
[www.haircoatbd.com/wp-content/uploads/2021/09/hC-07a-300x240.jpg]
[www.haircoatbd.com/wp-content/uploads/2021/09/hC-10a-300x240.jpg]
[www.haircoatbd.com/product/hc-04/index.html]
[www.haircoatbd.com/product/hc-07/index.html]
[www.haircoatbd.com/product/hc-10/index.html]
[www.haircoatbd.com/wp-content/uploads/2021/09/hC-11a-300x240.jpg]
[www.haircoatbd.com/product/hc-11/index.html]
[www.haircoatbd.com/wp-content/uploads/2021/09/hC-12a-300x240.jpg]
[www.haircoatbd.com/wp-content/uploads/2021/09/hC-13a-300x240.jpg]
[www.haircoatbd.com/wp-content/uploads/2021/09/hC-14a-300x240.jpg]
[www.haircoatbd.com/product/hc-12/index.html]
[www.haircoatbd.com/product/hc-13/index.html]
[www.haircoatbd.com/product/hc-14/index.html]
[www.haircoatbd.com/wp-content/uploads/2021/09/hC-15a-300x240.jpg]
[www.haircoatbd.com/product/hc-15/index.html]
[www.haircoatbd.com/wp-content/uploads/2021/09/hC-16a-300x240.jpg]
[www.haircoatbd.com/product-category/hairpiece-base-designs/index.html]
[www.haircoatbd.com/product/hc-16/index.html]
[www.haircoatbd.com/wp-json/wp/v2/product_cat/63.json]
[www.haircoatbd.com/product-category/top-closure-base-designs/feed/index.html]
[www.haircoatbd.com/wp-content/uploads/2021/09/hC-102a-300x240.jpg]
[www.haircoatbd.com/wp-content/uploads/2021/09/hC-103a-300x240.jpg]
[www.haircoatbd.com/product-category/top-closure-base-designs/index.html]
[www.haircoatbd.com/product/hc-103/index.html]
[www.haircoatbd.com/product/hc-102/index.html]
[www.haircoatbd.com/product/hc-101/index.html]
[www.haircoatbd.com/product-category/wig-base-designs/page/2/index.html]
[www.haircoatbd.com/product-category/wig-base-designs/feed/index.html]
[www.haircoatbd.com/wp-json/wp/v2/product_cat/64.json]
[www.haircoatbd.com/wp-content/uploads/2021/09/hC-202a-300x240.jpg]
[www.haircoatbd.com/wp-content/uploads/2021/09/hC-203a-300x240.jpg]
[www.haircoatbd.com/product/hc-202/index.html]
[www.haircoatbd.com/product/hc-201/index.html]
[www.haircoatbd.com/wp-content/uploads/2021/09/hC-204a-300x240.jpg]
[www.haircoatbd.com/product/hc-203/index.html]
[www.haircoatbd.com/product/hc-204/index.html]
[www.haircoatbd.com/wp-content/uploads/2021/09/hC-205a-300x240.jpg]
[www.haircoatbd.com/wp-content/uploads/2021/09/hC-206a-300x240.jpg]
[www.haircoatbd.com/product/hc-205/index.html]
[www.haircoatbd.com/wp-content/uploads/2021/09/hC-207a-300x240.jpg]
[www.haircoatbd.com/product/hc-206/index.html]
[www.haircoatbd.com/wp-content/uploads/2021/09/hC-208a-300x240.jpg]
[www.haircoatbd.com/product/hc-207/index.html]
[www.haircoatbd.com/wp-content/uploads/2021/09/hC-209a-300x240.jpg]
[www.haircoatbd.com/product/hc-208/index.html]
[www.haircoatbd.com/wp-content/uploads/2021/09/hC-210a-300x240.jpg]
[www.haircoatbd.com/product/hc-209/index.html]
[www.haircoatbd.com/wp-content/uploads/2021/09/hC-211a-300x240.jpg]
[www.haircoatbd.com/product/hc-210/index.html]
[www.haircoatbd.com/wp-content/uploads/2021/09/hC-212a-300x240.jpg]
[www.haircoatbd.com/product-category/wig-base-designs/index.html]
[www.haircoatbd.com/indexa474.html]
[www.haircoatbd.com/indexe8d3.html]
[www.haircoatbd.com/contact/www.Facebook.com/HairCoatBangladesh/index.html]
[www.haircoatbd.com/wp-content/plugins/woocommerce/assets/css/select20969.css]
[www.haircoatbd.com/index26f5.html]
[www.haircoatbd.com/shop/feed/index.html]
[www.haircoatbd.com/shop/index.html]
[www.haircoatbd.com/indexb12c.html]
[www.haircoatbd.com/index256c.html]
[www.haircoatbd.com/index5d33.html]
[www.haircoatbd.com/index1f1e.html]
[www.haircoatbd.com/index87bd.html]
[www.haircoatbd.com/author/rootyourmail-com/index.html]
[www.haircoatbd.com/indexcbb7.html]
[www.haircoatbd.com/product/hc-211/index.html]
[www.haircoatbd.com/shop/page/2/index.html]
[www.haircoatbd.com/product/hc-212/index.html]
[www.haircoatbd.com/wp-content/uploads/2021/09/hC-17a-300x240.jpg]
[www.haircoatbd.com/wp-content/uploads/2021/09/hC-18a-300x240.jpg]
[www.haircoatbd.com/product-category/hairpiece-base-designs/page/2/index.html]
[www.haircoatbd.com/product/hc-18/index.html]
[www.haircoatbd.com/product/hc-17/index.html]
[www.haircoatbd.com/wp-json/wp/v2/product/3857.json]
[www.haircoatbd.com/wp-json/oembed/1.0/embeddce9.json]
[www.haircoatbd.com/wp-json/oembed/1.0/embed557b]
[www.haircoatbd.com/wp-content/uploads/2021/09/hC-02a-80x80.jpg]
[www.haircoatbd.com/wp-content/uploads/2021/09/hC-01a.jpg]
[www.haircoatbd.com/wp-content/uploads/2021/09/hC-01b.jpg]
[www.haircoatbd.com/wp-content/uploads/2021/09/hC-01b-300x240.jpg]
[www.haircoatbd.com/wp-content/plugins/woocommerce/assets/js/frontend/single-product.min0969.js]
[www.haircoatbd.com/product/hc-01/index.html]
[www.haircoatbd.com/wp-json/wp/v2/product/3858.json]
[www.haircoatbd.com/wp-json/oembed/1.0/embed6a90.json]
[www.haircoatbd.com/wp-json/oembed/1.0/embed4ce5]
[www.haircoatbd.com/wp-content/uploads/2021/09/hC-01a-80x80.jpg]
[www.haircoatbd.com/wp-content/uploads/2021/09/hC-101a-80x80.jpg]
[www.haircoatbd.com/wp-content/uploads/2021/09/hC-02a.jpg]
[www.haircoatbd.com/wp-content/uploads/2021/09/hC-02b.jpg]
[www.haircoatbd.com/wp-content/uploads/2021/09/hC-02b-300x240.jpg]
[www.haircoatbd.com/product/hc-02/index.html]
[www.haircoatbd.com/wp-json/wp/v2/product/3924.json]
[www.haircoatbd.com/wp-json/oembed/1.0/embed60ff.json]
[www.haircoatbd.com/wp-json/oembed/1.0/embed921d]
[www.haircoatbd.com/wp-content/uploads/2021/09/hC-214a-80x80.jpg]
[www.haircoatbd.com/wp-content/uploads/2021/09/hC-04a-80x80.jpg]
[www.haircoatbd.com/product/hc-214/index.html]
[www.haircoatbd.com/wp-content/uploads/2021/09/hC-03a.jpg]
[www.haircoatbd.com/wp-content/uploads/2021/09/hC-03b.jpg]
[www.haircoatbd.com/product/hc-03/index.html]
[www.haircoatbd.com/wp-content/uploads/2021/09/hC-03b-300x240.jpg]
[www.haircoatbd.com/wp-json/wp/v2/product/3926.json]
[www.haircoatbd.com/wp-json/oembed/1.0/embed6ff0.json]
[www.haircoatbd.com/wp-json/oembed/1.0/embed398c]
[www.haircoatbd.com/wp-content/uploads/2021/09/hC-03a-80x80.jpg]
[www.haircoatbd.com/wp-content/uploads/2021/09/hC-07a-80x80.jpg]
[www.haircoatbd.com/wp-content/uploads/2021/09/hC-04a.jpg]
[www.haircoatbd.com/wp-content/uploads/2021/09/hC-04b.jpg]
[www.haircoatbd.com/product/hc-04/index.html]
[www.haircoatbd.com/wp-content/uploads/2021/09/hC-04b-300x240.jpg]
[www.haircoatbd.com/wp-json/wp/v2/product/3928.json]
[www.haircoatbd.com/wp-json/oembed/1.0/embed2aa3.json]
[www.haircoatbd.com/wp-json/oembed/1.0/embedc2e1]
[www.haircoatbd.com/wp-content/uploads/2021/09/hC-10a-80x80.jpg]
[www.haircoatbd.com/wp-content/uploads/2021/09/hC-07a.jpg]
[www.haircoatbd.com/wp-content/uploads/2021/09/hC-07b.jpg]
[www.haircoatbd.com/wp-content/uploads/2021/09/hC-07b-300x240.jpg]
[www.haircoatbd.com/product/hc-07/index.html]
[www.haircoatbd.com/wp-json/wp/v2/product/3929.json]
[www.haircoatbd.com/wp-json/oembed/1.0/embed16ce.json]
[www.haircoatbd.com/wp-json/oembed/1.0/embed5d46]
[www.haircoatbd.com/wp-content/uploads/2021/09/hC-11a-80x80.jpg]
[www.haircoatbd.com/wp-content/uploads/2021/09/hC-10a.jpg]
[www.haircoatbd.com/wp-content/uploads/2021/09/hC-10b.jpg]
[www.haircoatbd.com/product/hc-10/index.html]
[www.haircoatbd.com/wp-content/uploads/2021/09/hC-10b-300x240.jpg]
[www.haircoatbd.com/wp-json/wp/v2/product/3932.json]
[www.haircoatbd.com/wp-json/oembed/1.0/embedbb8f.json]
[www.haircoatbd.com/wp-json/oembed/1.0/embed52b6]
[www.haircoatbd.com/wp-content/uploads/2021/09/hC-12a-80x80.jpg]
[www.haircoatbd.com/wp-content/uploads/2021/09/hC-11a.jpg]
[www.haircoatbd.com/wp-content/uploads/2021/09/hC-11b.jpg]
[www.haircoatbd.com/product/hc-11/index.html]
[www.haircoatbd.com/wp-content/uploads/2021/09/hC-11b-300x240.jpg]
[www.haircoatbd.com/wp-json/wp/v2/product/3933.json]
[www.haircoatbd.com/wp-json/oembed/1.0/embed4a59.json]
[www.haircoatbd.com/wp-json/oembed/1.0/embedf701]
[www.haircoatbd.com/wp-content/uploads/2021/09/hC-13a-80x80.jpg]
[www.haircoatbd.com/wp-content/uploads/2021/09/hC-12a.jpg]
[www.haircoatbd.com/wp-content/uploads/2021/09/hC-12b.jpg]
[www.haircoatbd.com/wp-content/uploads/2021/09/hC-12b-300x240.jpg]
[www.haircoatbd.com/product/hc-12/index.html]
[www.haircoatbd.com/wp-json/wp/v2/product/3939.json]
[www.haircoatbd.com/wp-json/oembed/1.0/embed5c55.json]
[www.haircoatbd.com/wp-json/oembed/1.0/embedf2b9]
[www.haircoatbd.com/wp-content/uploads/2021/09/hC-14a-80x80.jpg]
[www.haircoatbd.com/wp-content/uploads/2021/09/hC-13a.jpg]
[www.haircoatbd.com/wp-content/uploads/2021/09/hC-13b.jpg]
[www.haircoatbd.com/product/hc-13/index.html]
[www.haircoatbd.com/wp-content/uploads/2021/09/hC-13b-300x240.jpg]
[www.haircoatbd.com/wp-json/wp/v2/product/3934.json]
[www.haircoatbd.com/wp-json/oembed/1.0/embedcb7d.json]
[www.haircoatbd.com/wp-json/oembed/1.0/embed11ee]
[www.haircoatbd.com/wp-content/uploads/2021/09/hC-15a-80x80.jpg]
[www.haircoatbd.com/wp-content/uploads/2021/09/hC-14a.jpg]
[www.haircoatbd.com/wp-content/uploads/2021/09/hC-14b.jpg]
[www.haircoatbd.com/product/hc-14/index.html]
[www.haircoatbd.com/wp-content/uploads/2021/09/hC-14b-300x240.jpg]
[www.haircoatbd.com/wp-json/wp/v2/product/3935.json]
[www.haircoatbd.com/wp-json/oembed/1.0/embedf6e2.json]
[www.haircoatbd.com/wp-json/oembed/1.0/embed0a50]
[www.haircoatbd.com/wp-content/uploads/2021/09/hC-16a-80x80.jpg]
[www.haircoatbd.com/wp-content/uploads/2021/09/hC-15a.jpg]
[www.haircoatbd.com/wp-content/uploads/2021/09/hC-15b.jpg]
[www.haircoatbd.com/wp-content/uploads/2021/09/hC-15b-300x240.jpg]
[www.haircoatbd.com/product/hc-15/index.html]
[www.haircoatbd.com/wp-json/wp/v2/product/3936.json]
[www.haircoatbd.com/wp-json/oembed/1.0/embed7749.json]
[www.haircoatbd.com/wp-json/oembed/1.0/embed88a4]
[www.haircoatbd.com/wp-content/uploads/2021/09/hC-17a-80x80.jpg]
[www.haircoatbd.com/wp-content/uploads/2021/09/hC-16a.jpg]
[www.haircoatbd.com/wp-content/uploads/2021/09/hC-16b.jpg]
[www.haircoatbd.com/wp-content/uploads/2021/09/hC-16b-300x240.jpg]
[www.haircoatbd.com/product/hc-16/index.html]
[www.haircoatbd.com/wp-json/wp/v2/product/3882.json]
[www.haircoatbd.com/wp-json/oembed/1.0/embed26b0.json]
[www.haircoatbd.com/wp-json/oembed/1.0/embed12f9]
[www.haircoatbd.com/wp-content/uploads/2021/09/hC-102a-80x80.jpg]
[www.haircoatbd.com/wp-content/uploads/2021/09/hC-101a.jpg]
[www.haircoatbd.com/wp-content/uploads/2021/09/hC-101b.jpg]
[www.haircoatbd.com/product/hc-101/index.html]
[www.haircoatbd.com/wp-content/uploads/2021/09/hC-101b-300x240.jpg]
[www.haircoatbd.com/wp-json/wp/v2/product/3891.json]
[www.haircoatbd.com/wp-json/oembed/1.0/embedd7da.json]
[www.haircoatbd.com/wp-json/oembed/1.0/embedb2e0]
[www.haircoatbd.com/wp-content/uploads/2021/09/hC-103a-80x80.jpg]
[www.haircoatbd.com/wp-content/uploads/2021/09/hC-102a.jpg]
[www.haircoatbd.com/wp-content/uploads/2021/09/hC-102b.jpg]
[www.haircoatbd.com/wp-content/uploads/2021/09/hC-102b-300x240.jpg]
[www.haircoatbd.com/product/hc-102/index.html]
[www.haircoatbd.com/wp-json/wp/v2/product/3890.json]
[www.haircoatbd.com/wp-json/oembed/1.0/embedf9b5.json]
[www.haircoatbd.com/wp-json/oembed/1.0/embeda68f]
[www.haircoatbd.com/wp-content/uploads/2021/09/hC-201a-80x80.jpg]
[www.haircoatbd.com/wp-content/uploads/2021/09/hC-103a.jpg]
[www.haircoatbd.com/wp-content/uploads/2021/09/hC-103b.jpg]
[www.haircoatbd.com/wp-content/uploads/2021/09/hC-103b-300x240.jpg]
[www.haircoatbd.com/product/hc-103/index.html]
[www.haircoatbd.com/wp-content/uploads/2021/09/hC-213a-300x240.jpg]
[www.haircoatbd.com/wp-content/uploads/2021/09/hC-214a-300x240.jpg]
[www.haircoatbd.com/product-category/wig-base-designs/page/2/index.html]
[www.haircoatbd.com/product/hc-213/index.html]
[www.haircoatbd.com/wp-json/wp/v2/product/3889.json]
[www.haircoatbd.com/wp-json/oembed/1.0/embed8a16.json]
[www.haircoatbd.com/wp-json/oembed/1.0/embedafa4]
[www.haircoatbd.com/wp-content/uploads/2021/09/hC-202a-80x80.jpg]
[www.haircoatbd.com/wp-content/uploads/2021/09/hC-201a.jpg]
[www.haircoatbd.com/wp-content/uploads/2021/09/hC-201b.jpg]
[www.haircoatbd.com/wp-content/uploads/2021/09/hC-201b-300x240.jpg]
[www.haircoatbd.com/product/hc-201/index.html]
[www.haircoatbd.com/wp-json/wp/v2/product/3888.json]
[www.haircoatbd.com/wp-json/oembed/1.0/embedee38.json]
[www.haircoatbd.com/wp-json/oembed/1.0/embed2406]
[www.haircoatbd.com/wp-content/uploads/2021/09/hC-203a-80x80.jpg]
[www.haircoatbd.com/wp-content/uploads/2021/09/hC-202a.jpg]
[www.haircoatbd.com/wp-content/uploads/2021/09/hC-202b.jpg]
[www.haircoatbd.com/wp-content/uploads/2021/09/hC-202b-300x240.jpg]
[www.haircoatbd.com/product/hc-202/index.html]
[www.haircoatbd.com/wp-json/wp/v2/product/3887.json]
[www.haircoatbd.com/wp-json/oembed/1.0/embed47cf.json]
[www.haircoatbd.com/wp-json/oembed/1.0/embed0d2d]
[www.haircoatbd.com/wp-content/uploads/2021/09/hC-204a-80x80.jpg]
[www.haircoatbd.com/wp-content/uploads/2021/09/hC-203a.jpg]
[www.haircoatbd.com/wp-content/uploads/2021/09/hC-203b.jpg]
[www.haircoatbd.com/wp-content/uploads/2021/09/hC-203b-300x240.jpg]
[www.haircoatbd.com/product/hc-203/index.html]
[www.haircoatbd.com/wp-json/wp/v2/product/3886.json]
[www.haircoatbd.com/wp-json/oembed/1.0/embedbb53.json]
[www.haircoatbd.com/wp-json/oembed/1.0/embed76e7]
[www.haircoatbd.com/wp-content/uploads/2021/09/hC-205a-80x80.jpg]
[www.haircoatbd.com/wp-content/uploads/2021/09/hC-204a.jpg]
[www.haircoatbd.com/wp-content/uploads/2021/09/hC-204b.jpg]
[www.haircoatbd.com/wp-content/uploads/2021/09/hC-204b-300x240.jpg]
[www.haircoatbd.com/product/hc-204/index.html]
[www.haircoatbd.com/wp-json/wp/v2/product/3885.json]
[www.haircoatbd.com/wp-json/oembed/1.0/embede3d1.json]
[www.haircoatbd.com/wp-json/oembed/1.0/embed8bd2]
[www.haircoatbd.com/wp-content/uploads/2021/09/hC-206a-80x80.jpg]
[www.haircoatbd.com/wp-content/uploads/2021/09/hC-205a.jpg]
[www.haircoatbd.com/wp-content/uploads/2021/09/hC-205b.jpg]
[www.haircoatbd.com/wp-content/uploads/2021/09/hC-205b-300x240.jpg]
[www.haircoatbd.com/product/hc-205/index.html]
[www.haircoatbd.com/wp-json/wp/v2/product/3884.json]
[www.haircoatbd.com/wp-json/oembed/1.0/embed292b.json]
[www.haircoatbd.com/wp-json/oembed/1.0/embed2774]
[www.haircoatbd.com/wp-content/uploads/2021/09/hC-207a-80x80.jpg]
[www.haircoatbd.com/wp-content/uploads/2021/09/hC-206a.jpg]
[www.haircoatbd.com/wp-content/uploads/2021/09/hC-206b.jpg]
[www.haircoatbd.com/wp-content/uploads/2021/09/hC-206b-300x240.jpg]
[www.haircoatbd.com/product/hc-206/index.html]
[www.haircoatbd.com/wp-json/wp/v2/product/3883.json]
[www.haircoatbd.com/wp-json/oembed/1.0/embeda79d.json]
[www.haircoatbd.com/wp-json/oembed/1.0/embeded70]
[www.haircoatbd.com/wp-content/uploads/2021/09/hC-208a-80x80.jpg]
[www.haircoatbd.com/wp-content/uploads/2021/09/hC-207a.jpg]
[www.haircoatbd.com/wp-content/uploads/2021/09/hC-207b.jpg]
[www.haircoatbd.com/wp-content/uploads/2021/09/hC-207b-300x240.jpg]
[www.haircoatbd.com/product/hc-207/index.html]
[www.haircoatbd.com/wp-json/wp/v2/product/3917.json]
[www.haircoatbd.com/wp-json/oembed/1.0/embed82e4.json]
[www.haircoatbd.com/wp-json/oembed/1.0/embed9565]
[www.haircoatbd.com/wp-content/uploads/2021/09/hC-209a-80x80.jpg]
[www.haircoatbd.com/wp-content/uploads/2021/09/hC-208a.jpg]
[www.haircoatbd.com/wp-content/uploads/2021/09/hC-208b.jpg]
[www.haircoatbd.com/wp-content/uploads/2021/09/hC-208b-300x240.jpg]
[www.haircoatbd.com/product/hc-208/index.html]
[www.haircoatbd.com/wp-json/wp/v2/product/3918.json]
[www.haircoatbd.com/wp-json/oembed/1.0/embed6d25.json]
[www.haircoatbd.com/wp-json/oembed/1.0/embeddc01]
[www.haircoatbd.com/wp-content/uploads/2021/09/hC-210a-80x80.jpg]
[www.haircoatbd.com/wp-content/uploads/2021/09/hC-209a.jpg]
[www.haircoatbd.com/wp-content/uploads/2021/09/hC-209b.jpg]
[www.haircoatbd.com/wp-content/uploads/2021/09/hC-209b-300x240.jpg]
[www.haircoatbd.com/product/hc-209/index.html]
[www.haircoatbd.com/wp-json/wp/v2/product/3919.json]
[www.haircoatbd.com/product/hc-210/feed/index.html]
[www.haircoatbd.com/wp-json/oembed/1.0/embed31ca.json]
[www.haircoatbd.com/wp-json/oembed/1.0/embed56bf]
[www.haircoatbd.com/wp-content/uploads/2021/09/hC-211a-80x80.jpg]
[www.haircoatbd.com/wp-content/uploads/2021/09/hC-210a.jpg]
[www.haircoatbd.com/wp-content/uploads/2021/09/hC-210b.jpg]
[www.haircoatbd.com/wp-content/uploads/2021/09/hC-210b-300x240.jpg]
[www.haircoatbd.com/product/hc-210/index.html]
[www.haircoatbd.com/wp-json/wp/v2/product/3920.json]
[www.haircoatbd.com/wp-json/oembed/1.0/embede469.json]
[www.haircoatbd.com/wp-json/oembed/1.0/embed66f1]
[www.haircoatbd.com/wp-content/uploads/2021/09/hC-212a-80x80.jpg]
[www.haircoatbd.com/wp-content/uploads/2021/09/hC-211a.jpg]
[www.haircoatbd.com/wp-content/uploads/2021/09/hC-211b.jpg]
[www.haircoatbd.com/wp-content/uploads/2021/09/hC-211b-300x240.jpg]
[www.haircoatbd.com/product/hc-211/index.html]
[www.haircoatbd.com/wp-json/wp/v2/product/3921.json]
[www.haircoatbd.com/wp-json/oembed/1.0/embed2a3b.json]
[www.haircoatbd.com/wp-json/oembed/1.0/embed1737]
[www.haircoatbd.com/wp-content/uploads/2021/09/hC-213a-80x80.jpg]
[www.haircoatbd.com/wp-content/uploads/2021/09/hC-212a.jpg]
[www.haircoatbd.com/wp-content/uploads/2021/09/hC-212b.jpg]
[www.haircoatbd.com/wp-content/uploads/2021/09/hC-212b-300x240.jpg]
[www.haircoatbd.com/product/hc-212/index.html]
[www.haircoatbd.com/shop/page/2/index.html]
[www.haircoatbd.com/wp-json/wp/v2/product/3937.json]
[www.haircoatbd.com/shop/page/3/index.html]
[www.haircoatbd.com/wp-json/oembed/1.0/embed8979.json]
[www.haircoatbd.com/wp-json/oembed/1.0/embedfd8f]
[www.haircoatbd.com/wp-content/uploads/2021/09/hC-18a-80x80.jpg]
[www.haircoatbd.com/wp-content/uploads/2021/09/hC-17a.jpg]
[www.haircoatbd.com/wp-content/uploads/2021/09/hC-17b.jpg]
[www.haircoatbd.com/wp-content/uploads/2021/09/hC-17b-300x240.jpg]
[www.haircoatbd.com/product/hc-17/index.html]
[www.haircoatbd.com/wp-json/wp/v2/product/3938.json]
[www.haircoatbd.com/wp-json/oembed/1.0/embede0e3.json]
[www.haircoatbd.com/wp-json/oembed/1.0/embed1217]
[www.haircoatbd.com/wp-content/uploads/2021/09/hC-18a.jpg]
[www.haircoatbd.com/wp-content/uploads/2021/09/hC-18b.jpg]
[www.haircoatbd.com/wp-content/uploads/2021/09/hC-18b-300x240.jpg]
[www.haircoatbd.com/product/hc-18/index.html]
[www.haircoatbd.com/product-category/hairpiece-base-designs/page/1/index.html]
[www.haircoatbd.com/indexf7ee.html]
[www.haircoatbd.com/index4aca.html]
[www.haircoatbd.com/index366f.html]
[www.haircoatbd.com/wp-json/wp/v2/product/3923.json]
[www.haircoatbd.com/wp-json/oembed/1.0/embed230b.json]
[www.haircoatbd.com/wp-json/oembed/1.0/embed9a9f]
[www.haircoatbd.com/wp-content/uploads/2021/09/hC-214a.jpg]
[www.haircoatbd.com/wp-content/uploads/2021/09/hC-214b.jpg]
[www.haircoatbd.com/product/hc-214/index.html]
[www.haircoatbd.com/wp-content/uploads/2021/09/hC-214b-300x240.jpg]
[www.haircoatbd.com/indexe088.html]
[www.haircoatbd.com/index6085.html]
[www.haircoatbd.com/indexeacd.html]
[www.haircoatbd.com/index6e30.html]
[www.haircoatbd.com/index572e.html]
[www.haircoatbd.com/index9d4f.html]
[www.haircoatbd.com/index7eee.html]
[www.haircoatbd.com/indexd968.html]
[www.haircoatbd.com/indexf0cc.html]
[www.haircoatbd.com/index10bc.html]
[www.haircoatbd.com/index9632.html]
[www.haircoatbd.com/indexbc30.html]
[www.haircoatbd.com/wp-json/wp/v2/product/3922.json]
[www.haircoatbd.com/product/hc-213/feed/index.html]
[www.haircoatbd.com/wp-json/oembed/1.0/embedb927.json]
[www.haircoatbd.com/wp-json/oembed/1.0/embed1edd]
[www.haircoatbd.com/wp-content/uploads/2021/09/hC-213a.jpg]
[www.haircoatbd.com/wp-content/uploads/2021/09/hC-213b.jpg]
[www.haircoatbd.com/wp-content/uploads/2021/09/hC-213b-300x240.jpg]
[www.haircoatbd.com/product/hc-213/index.html]
[www.haircoatbd.com/product-category/wig-base-designs/page/1/index.html]
[www.haircoatbd.com/index41aa.html]
[www.haircoatbd.com/index022a.html]
[www.haircoatbd.com/index5ae5.html]
[www.haircoatbd.com/indexd291.html]
[www.haircoatbd.com/index55c0.html]
[www.haircoatbd.com/indexd94c.html]
[www.haircoatbd.com/indexc67b.html]
[www.haircoatbd.com/indexa7d0.html]
[www.haircoatbd.com/index99b5.html]
[www.haircoatbd.com/indexf895.html]
[www.haircoatbd.com/index13c7.html]
[www.haircoatbd.com/indexd35f.html]
[www.haircoatbd.com/shop/page/3/index.html]
[www.haircoatbd.com/index5ab9.html]
[www.haircoatbd.com/indexd958.html]
[www.haircoatbd.com/index46d3.html]
[www.haircoatbd.com/index37d9.html]
